// Jest Snapshot v1, https://goo.gl/fbAQLP

exports[`ChannelDate tests renders Channel-date 1`] = `
ShallowWrapper {
  Symbol(enzyme.__root__): ShallowWrapper {
    Symbol(enzyme.__root__): [Circular],
    Symbol(enzyme.__unrendered__): <ChannelDate
      date="2019-01-05"
    />,
    Symbol(enzyme.__renderer__): Object {
      "batchedUpdates": [Function],
      "getNode": [Function],
      "render": [Function],
      "simulateError": [Function],
      "simulateEvent": [Function],
      "unmount": [Function],
    },
    Symbol(enzyme.__node__): Object {
      "instance": null,
      "key": undefined,
      "nodeType": "host",
      "props": Object {
        "children": <t
          ago={false}
          calendar={false}
          decimal={false}
          element="time"
          filter={[Function]}
          format="ddd, MMMM DD, YYYY"
          fromNow={false}
          interval={60000}
          onChange={[Function]}
          titleFormat=""
          toNow={false}
          unit={null}
          unix={false}
          utc={false}
          withTitle={false}
        >
          2019-01-05
        </t>,
        "className": "channel-date",
      },
      "ref": null,
      "rendered": Object {
        "instance": null,
        "key": undefined,
        "nodeType": "class",
        "props": Object {
          "ago": false,
          "calendar": false,
          "children": "2019-01-05",
          "decimal": false,
          "element": "time",
          "filter": [Function],
          "format": "ddd, MMMM DD, YYYY",
          "fromNow": false,
          "interval": 60000,
          "onChange": [Function],
          "titleFormat": "",
          "toNow": false,
          "unit": null,
          "unix": false,
          "utc": false,
          "withTitle": false,
        },
        "ref": null,
        "rendered": "2019-01-05",
        "type": [Function],
      },
      "type": "div",
    },
    Symbol(enzyme.__nodes__): Array [
      Object {
        "instance": null,
        "key": undefined,
        "nodeType": "host",
        "props": Object {
          "children": <t
            ago={false}
            calendar={false}
            decimal={false}
            element="time"
            filter={[Function]}
            format="ddd, MMMM DD, YYYY"
            fromNow={false}
            interval={60000}
            onChange={[Function]}
            titleFormat=""
            toNow={false}
            unit={null}
            unix={false}
            utc={false}
            withTitle={false}
          >
            2019-01-05
          </t>,
          "className": "channel-date",
        },
        "ref": null,
        "rendered": Object {
          "instance": null,
          "key": undefined,
          "nodeType": "class",
          "props": Object {
            "ago": false,
            "calendar": false,
            "children": "2019-01-05",
            "decimal": false,
            "element": "time",
            "filter": [Function],
            "format": "ddd, MMMM DD, YYYY",
            "fromNow": false,
            "interval": 60000,
            "onChange": [Function],
            "titleFormat": "",
            "toNow": false,
            "unit": null,
            "unix": false,
            "utc": false,
            "withTitle": false,
          },
          "ref": null,
          "rendered": "2019-01-05",
          "type": [Function],
        },
        "type": "div",
      },
    ],
    Symbol(enzyme.__options__): Object {
      "adapter": ReactSixteenAdapter {
        "options": Object {
          "enableComponentDidUpdateOnSetState": true,
          "lifecycles": Object {
            "componentDidUpdate": Object {
              "onSetState": true,
            },
            "getDerivedStateFromProps": true,
            "getSnapshotBeforeUpdate": true,
            "setState": Object {
              "skipsComponentDidUpdateOnNullish": true,
            },
          },
        },
      },
    },
  },
  Symbol(enzyme.__unrendered__): null,
  Symbol(enzyme.__renderer__): Object {
    "batchedUpdates": [Function],
    "getNode": [Function],
    "render": [Function],
    "simulateError": [Function],
    "simulateEvent": [Function],
    "unmount": [Function],
  },
  Symbol(enzyme.__node__): Object {
    "instance": null,
    "key": undefined,
    "nodeType": "host",
    "props": Object {
      "children": <t
        ago={false}
        calendar={false}
        decimal={false}
        element="time"
        filter={[Function]}
        format="ddd, MMMM DD, YYYY"
        fromNow={false}
        interval={60000}
        onChange={[Function]}
        titleFormat=""
        toNow={false}
        unit={null}
        unix={false}
        utc={false}
        withTitle={false}
      >
        2019-01-05
      </t>,
      "className": "channel-date",
    },
    "ref": null,
    "rendered": Object {
      "instance": null,
      "key": undefined,
      "nodeType": "class",
      "props": Object {
        "ago": false,
        "calendar": false,
        "children": "2019-01-05",
        "decimal": false,
        "element": "time",
        "filter": [Function],
        "format": "ddd, MMMM DD, YYYY",
        "fromNow": false,
        "interval": 60000,
        "onChange": [Function],
        "titleFormat": "",
        "toNow": false,
        "unit": null,
        "unix": false,
        "utc": false,
        "withTitle": false,
      },
      "ref": null,
      "rendered": "2019-01-05",
      "type": [Function],
    },
    "type": "div",
  },
  Symbol(enzyme.__nodes__): Array [
    Object {
      "instance": null,
      "key": undefined,
      "nodeType": "host",
      "props": Object {
        "children": <t
          ago={false}
          calendar={false}
          decimal={false}
          element="time"
          filter={[Function]}
          format="ddd, MMMM DD, YYYY"
          fromNow={false}
          interval={60000}
          onChange={[Function]}
          titleFormat=""
          toNow={false}
          unit={null}
          unix={false}
          utc={false}
          withTitle={false}
        >
          2019-01-05
        </t>,
        "className": "channel-date",
      },
      "ref": null,
      "rendered": Object {
        "instance": null,
        "key": undefined,
        "nodeType": "class",
        "props": Object {
          "ago": false,
          "calendar": false,
          "children": "2019-01-05",
          "decimal": false,
          "element": "time",
          "filter": [Function],
          "format": "ddd, MMMM DD, YYYY",
          "fromNow": false,
          "interval": 60000,
          "onChange": [Function],
          "titleFormat": "",
          "toNow": false,
          "unit": null,
          "unix": false,
          "utc": false,
          "withTitle": false,
        },
        "ref": null,
        "rendered": "2019-01-05",
        "type": [Function],
      },
      "type": "div",
    },
  ],
  Symbol(enzyme.__options__): Object {
    "adapter": ReactSixteenAdapter {
      "options": Object {
        "enableComponentDidUpdateOnSetState": true,
        "lifecycles": Object {
          "componentDidUpdate": Object {
            "onSetState": true,
          },
          "getDerivedStateFromProps": true,
          "getSnapshotBeforeUpdate": true,
          "setState": Object {
            "skipsComponentDidUpdateOnNullish": true,
          },
        },
      },
    },
  },
  Symbol(enzyme.__rootNodes__): Array [
    Object {
      "instance": null,
      "key": undefined,
      "nodeType": "host",
      "props": Object {
        "children": <t
          ago={false}
          calendar={false}
          decimal={false}
          element="time"
          filter={[Function]}
          format="ddd, MMMM DD, YYYY"
          fromNow={false}
          interval={60000}
          onChange={[Function]}
          titleFormat=""
          toNow={false}
          unit={null}
          unix={false}
          utc={false}
          withTitle={false}
        >
          2019-01-05
        </t>,
        "className": "channel-date",
      },
      "ref": null,
      "rendered": Object {
        "instance": null,
        "key": undefined,
        "nodeType": "class",
        "props": Object {
          "ago": false,
          "calendar": false,
          "children": "2019-01-05",
          "decimal": false,
          "element": "time",
          "filter": [Function],
          "format": "ddd, MMMM DD, YYYY",
          "fromNow": false,
          "interval": 60000,
          "onChange": [Function],
          "titleFormat": "",
          "toNow": false,
          "unit": null,
          "unix": false,
          "utc": false,
          "withTitle": false,
        },
        "ref": null,
        "rendered": "2019-01-05",
        "type": [Function],
      },
      "type": "div",
    },
  ],
}
`;
